[2024-04-25T11:19:20.428+0530][gc,init] CardTable entry size: 512
[2024-04-25T11:19:20.428+0530][gc     ] Using G1
[2024-04-25T11:19:20.429+0530][gc,init] Version: 20.0.1+9-29 (release)
[2024-04-25T11:19:20.429+0530][gc,init] CPUs: 8 total, 8 available
[2024-04-25T11:19:20.429+0530][gc,init] Memory: 8192M
[2024-04-25T11:19:20.429+0530][gc,init] Large Page Support: Disabled
[2024-04-25T11:19:20.429+0530][gc,init] NUMA Support: Disabled
[2024-04-25T11:19:20.429+0530][gc,init] Compressed Oops: Enabled (Zero based)
[2024-04-25T11:19:20.429+0530][gc,init] Heap Region Size: 1M
[2024-04-25T11:19:20.429+0530][gc,init] Heap Min Capacity: 512M
[2024-04-25T11:19:20.429+0530][gc,init] Heap Initial Capacity: 512M
[2024-04-25T11:19:20.429+0530][gc,init] Heap Max Capacity: 512M
[2024-04-25T11:19:20.429+0530][gc,init] Pre-touch: Disabled
[2024-04-25T11:19:20.429+0530][gc,init] Parallel Workers: 8
[2024-04-25T11:19:20.429+0530][gc,init] Concurrent Workers: 2
[2024-04-25T11:19:20.429+0530][gc,init] Concurrent Refinement Workers: 8
[2024-04-25T11:19:20.429+0530][gc,init] Periodic GC: Disabled
[2024-04-25T11:19:20.429+0530][gc,metaspace] CDS archive(s) mapped at: [0x0000000800000000-0x0000000800c6c000-0x0000000800c6c000), size 13025280, SharedBaseAddress: 0x0000000800000000, ArchiveRelocationMode: 0.
[2024-04-25T11:19:20.429+0530][gc,metaspace] Compressed class space mapped at: 0x0000000801000000-0x0000000841000000, reserved size: 1073741824
[2024-04-25T11:19:20.429+0530][gc,metaspace] Narrow klass base: 0x0000000800000000, Narrow klass shift: 0, Narrow klass range: 0x100000000
[2024-04-25T11:19:20.876+0530][gc,start    ] GC(0) Pause Young (Normal) (G1 Evacuation Pause)
[2024-04-25T11:19:20.876+0530][gc,task     ] GC(0) Using 8 workers of 8 for evacuation
[2024-04-25T11:19:20.878+0530][gc,phases   ] GC(0)   Pre Evacuate Collection Set: 0.1ms
[2024-04-25T11:19:20.878+0530][gc,phases   ] GC(0)   Merge Heap Roots: 0.0ms
[2024-04-25T11:19:20.878+0530][gc,phases   ] GC(0)   Evacuate Collection Set: 1.8ms
[2024-04-25T11:19:20.878+0530][gc,phases   ] GC(0)   Post Evacuate Collection Set: 0.2ms
[2024-04-25T11:19:20.878+0530][gc,phases   ] GC(0)   Other: 0.2ms
[2024-04-25T11:19:20.878+0530][gc,heap     ] GC(0) Eden regions: 25->0(21)
[2024-04-25T11:19:20.878+0530][gc,heap     ] GC(0) Survivor regions: 0->4(4)
[2024-04-25T11:19:20.878+0530][gc,heap     ] GC(0) Old regions: 0->4
[2024-04-25T11:19:20.878+0530][gc,heap     ] GC(0) Archive regions: 2->2
[2024-04-25T11:19:20.878+0530][gc,heap     ] GC(0) Humongous regions: 0->0
[2024-04-25T11:19:20.878+0530][gc,metaspace] GC(0) Metaspace: 8039K(8192K)->8039K(8192K) NonClass: 7172K(7232K)->7172K(7232K) Class: 866K(960K)->866K(960K)
[2024-04-25T11:19:20.878+0530][gc          ] GC(0) Pause Young (Normal) (G1 Evacuation Pause) 25M->8M(512M) 2.487ms
[2024-04-25T11:19:20.878+0530][gc,cpu      ] GC(0) User=0.01s Sys=0.00s Real=0.00s
[2024-04-25T11:52:30.716+0530][gc,heap,exit] Heap
[2024-04-25T11:52:30.716+0530][gc,heap,exit]  garbage-first heap   total 524288K, used 19898K [0x00000007e0000000, 0x0000000800000000)
[2024-04-25T11:52:30.716+0530][gc,heap,exit]   region size 1024K, 15 young (15360K), 4 survivors (4096K)
[2024-04-25T11:52:30.716+0530][gc,heap,exit]  Metaspace       used 9325K, committed 9536K, reserved 1114112K
[2024-04-25T11:52:30.716+0530][gc,heap,exit]   class space    used 966K, committed 1088K, reserved 1048576K
